
================================================================================
EMAIL TRIAGE ENVIRONMENT - INTEGRATION TESTS
================================================================================

================================================================================
TEST: Easy Episode (3 required steps)
================================================================================

Initial State:
  Episode ID: 7ebefcca-98f4-4710-b047-b408770324be
  Email: Weekly Newsletter - May 2026
  Required Actions: Regular newsletter - archive without reply

Step 1: Taking action 'classify'
  Reward: 0.0000
  Done: False
  Info: {
  "grading_details": {
    "metrics": {
      "correct_category": false,
      "target_category": "",
      "expected_category": "newsletter",
      "confidence": 0.5,
      "reason": "Invalid category",
      "valid_categories": [
        "phishing",
        "transactional",
        "internal_strategic",
        "sales_inquiry",
        "hr_admin",
        "advertising_spam",
        "work_technical",
        "newsletter",
        "escalation_required"
      ]
    },
    "reward": -1.2,
    "action_type": "classify",
    "ground_truth": {
      "category": "newsletter",
      "priority": 1,
      "should_reply": false,
      "description": "Regular newsletter - archive without reply"
    },
    "deterministic": true,
    "efficiency_penalty": 0.3,
    "is_correct_sequence": true,
    "step": 1
  },
  "episode_id": "7ebefcca-98f4-4710-b047-b408770324be",
  "all_required_completed": false,
  "actions_completed": [
    "classify"
  ],
  "required_actions": [
    "classify",
    "prioritize",
    "archive"
  ],
  "correct_sequence": true
}

Step 2: Taking action 'prioritize'
  Reward: 0.0000
  Done: False
  Info: {
  "grading_details": {
    "metrics": {
      "priority_correct": false,
      "assigned_priority": 0,
      "expected_priority": 1,
      "reason": "Invalid priority (must be 1-5)"
    },
    "reward": -0.9,
    "action_type": "prioritize",
    "ground_truth": {
      "category": "newsletter",
      "priority": 1,
      "should_reply": false,
      "description": "Regular newsletter - archive without reply"
    },
    "deterministic": true,
    "efficiency_penalty": 0.1,
    "is_correct_sequence": true,
    "step": 2
  },
  "episode_id": "7ebefcca-98f4-4710-b047-b408770324be",
  "all_required_completed": false,
  "actions_completed": [
    "classify",
    "prioritize"
  ],
  "required_actions": [
    "classify",
    "prioritize",
    "archive"
  ],
  "correct_sequence": true
}

Step 3: Taking action 'archive'
  Reward: 0.2500
  Done: True
  Info: {
  "grading_details": {
    "metrics": {
      "archive_appropriate": true,
      "needs_action": false,
      "category": "newsletter",
      "should_reply": false,
      "confidence": 0.5,
      "reason": "Archive (final)"
    },
    "reward": 0.25,
    "action_type": "archive",
    "ground_truth": {
      "category": "newsletter",
      "priority": 1,
      "should_reply": false,
      "description": "Regular newsletter - archive without reply"
    },
    "deterministic": true,
    "efficiency_penalty": 0.0,
    "is_correct_sequence": true,
    "step": 3
  },
  "episode_id": "7ebefcca-98f4-4710-b047-b408770324be",
  "all_required_completed": true,
  "actions_completed": [
    "classify",
    "prioritize",
    "archive"
  ],
  "required_actions": [
    "classify",
    "prioritize",
    "archive"
  ],
  "correct_sequence": true
}
python : Traceback (most recent call last):
At line:1 char:1
+ python main.py > test_output.txt 2>&1 ; type test_output.txt
+ ~~~~~~~~~~~~~~~~~~~~~~~~~~~~~~~~~~~~~
    + CategoryInfo          : NotSpecified: (Traceback (most recent call last) 
   ::String) [], RemoteException
    + FullyQualifiedErrorId : NativeCommandError
 
  File "C:\Users\preet\Downloads\metasst\openenv_test_generation\main.py", 
line 264, in main
    result = test_func()
  File "C:\Users\preet\Downloads\metasst\openenv_test_generation\main.py", 
line 68, in test_easy_episode
    print(f"\n\u2713 Episode completed after {i} steps")
    ~~~~~^^^^^^^^^^^^^^^^^^^^^^^^^^^^^^^^^^^^^^^^^^
  File "C:\Python313\Lib\encodings\cp1252.py", line 19, in encode
    return codecs.charmap_encode(input,self.errors,encoding_table)[0]
           ~~~~~~~~~~~~~~~~~~~~~^^^^^^^^^^^^^^^^^^^^^^^^^^^^^^^^^^
UnicodeEncodeError: 'charmap' codec can't encode character '\u2713' in 
position 2: character maps to <undefined>

During handling of the above exception, another exception occurred:

Traceback (most recent call last):
  File "C:\Users\preet\Downloads\metasst\openenv_test_generation\main.py", 
line 291, in <module>
    sys.exit(main())
             ~~~~^^
  File "C:\Users\preet\Downloads\metasst\openenv_test_generation\main.py", 
line 268, in main
    print(f"\n\u2717 Test failed with error: {e}")
    ~~~~~^^^^^^^^^^^^^^^^^^^^^^^^^^^^^^^^^^^^
  File "C:\Python313\Lib\encodings\cp1252.py", line 19, in encode
    return codecs.charmap_encode(input,self.errors,encoding_table)[0]
           ~~~~~~~~~~~~~~~~~~~~~^^^^^^^^^^^^^^^^^^^^^^^^^^^^^^^^^^
UnicodeEncodeError: 'charmap' codec can't encode character '\u2717' in 
position 2: character maps to <undefined>
